****************************************************
            Node Summary
****************************************************
Name           Type       Invert Elev.   Max Depth    Ponded Area   External Inflow
-----------------------------------------------------------------------------------
J1             Junction   12.00          6.00         0.00          0.00
O1             Outfall    10.00          5.00         0.10          0.00
O2             Outfall     9.50          4.50         0.05          0.00

****************************************************
            Node Depth Summary
****************************************************
Node           Type       Average Depth   Maximum Depth   Maximum HGL     Time of Max    hr:min
-----------------------------------------------------------------------------------------------
J1             Junction   0.10            1.20            13.20           0              01:00
O1             Outfall    0.20            1.50            11.50           0              01:05
O2             Outfall    0.15            1.10            10.60           0              00:45

****************************************************
            Node Inflow Summary
****************************************************
Node           Type       Max Lateral Inflow   Max Total Inflow   Time of Max      Lateral Inflow    Total Inflow
                                                  (LPS)           (days hr:min)         Volume            Volume
-----------------------------------------------------------------------------------
J1             Junction   0.30                 0.35               0    01:00       0.001            0.002
O1             Outfall    0.50                 0.55               0    01:05       0.003            0.004
O2             Outfall    0.25                 0.28               0    00:45       0.002            0.003

****************************************************
            Outfall Loading Summary
****************************************************
Outfall Node    Flow Freq.     Avg Flow       Max Flow        Total Volume
                (percent)      (CMS)          (CMS)           (10^6 litres)
--------------------------------------------------------------------------
O1               20.0           0.01           0.05            0.02
O2               10.0           0.005          0.03            0.01
System           15.0           0.008          0.04            0.015

<<< Node O1 >>>
Jan-01-2000 00:00:00   0.01  0 0 0
Jan-01-2000 00:15:00   0.02  0 0 0

<<< Node O2 >>>
Jan-01-2000 00:00:00   0.005 0 0 0
Jan-01-2000 00:15:00   0.006 0 0 0
